<?xml version="1.0" encoding="UTF-8"?>
<testsuites name="jest tests" tests="4" failures="4" time="3.104">
  <testsuite name="undefined" errors="0" failures="4" skipped="0" timestamp="2021-01-14T19:50:31" time="2.22" tests="4">
    <testcase classname=" initial UI is rendered as expected" name=" initial UI is rendered as expected" time="0.032">
      <failure>Error: expect(received).toBe(expected) // Object.is equality

Expected: null
Received: &lt;div class=&quot;mt-50 slide-up-fade-in&quot; data-testid=&quot;no-result&quot;&gt;No results&lt;/div&gt;
    at Object.&lt;anonymous&gt; (/Users/victordeleon/Learning/b9614851-f03d-4e1c-b1de-13a78b217993/src/App.test.js:19:38)
    at Object.asyncJestTest (/Users/victordeleon/Learning/b9614851-f03d-4e1c-b1de-13a78b217993/node_modules/jest-jasmine2/build/jasmineAsyncInstall.js:102:37)
    at /Users/victordeleon/Learning/b9614851-f03d-4e1c-b1de-13a78b217993/node_modules/jest-jasmine2/build/queueRunner.js:43:12
    at new Promise (&lt;anonymous&gt;)
    at mapper (/Users/victordeleon/Learning/b9614851-f03d-4e1c-b1de-13a78b217993/node_modules/jest-jasmine2/build/queueRunner.js:26:19)
    at /Users/victordeleon/Learning/b9614851-f03d-4e1c-b1de-13a78b217993/node_modules/jest-jasmine2/build/queueRunner.js:73:41
    at processTicksAndRejections (internal/process/task_queues.js:97:5)</failure>
    </testcase>
    <testcase classname=" search is made on by clicking on search button and no results found" name=" search is made on by clicking on search button and no results found" time="0.041">
      <failure>Error: fetch-mock: No fallback response defined for GET to /api/movies?Year=1996
    at Object.&lt;anonymous&gt;.FetchMock.executeRouter (/Users/victordeleon/Learning/b9614851-f03d-4e1c-b1de-13a78b217993/node_modules/fetch-mock/cjs/lib/fetch-handler.js:152:9)
    at Object.fetch [as fetchHandler] (/Users/victordeleon/Learning/b9614851-f03d-4e1c-b1de-13a78b217993/node_modules/fetch-mock/cjs/lib/fetch-handler.js:84:21)
    at MovieList.handleSearch (/Users/victordeleon/Learning/b9614851-f03d-4e1c-b1de-13a78b217993/src/components/movie-list/index.js:20:5)
    at HTMLUnknownElement.callCallback (/Users/victordeleon/Learning/b9614851-f03d-4e1c-b1de-13a78b217993/node_modules/react-dom/cjs/react-dom.development.js:188:14)
    at innerInvokeEventListeners (/Users/victordeleon/Learning/b9614851-f03d-4e1c-b1de-13a78b217993/node_modules/jest-environment-jsdom-fourteen/node_modules/jsdom/lib/jsdom/living/events/EventTarget-impl.js:315:27)
    at invokeEventListeners (/Users/victordeleon/Learning/b9614851-f03d-4e1c-b1de-13a78b217993/node_modules/jest-environment-jsdom-fourteen/node_modules/jsdom/lib/jsdom/living/events/EventTarget-impl.js:266:3)
    at HTMLUnknownElementImpl._dispatch (/Users/victordeleon/Learning/b9614851-f03d-4e1c-b1de-13a78b217993/node_modules/jest-environment-jsdom-fourteen/node_modules/jsdom/lib/jsdom/living/events/EventTarget-impl.js:212:11)
    at HTMLUnknownElementImpl.dispatchEvent (/Users/victordeleon/Learning/b9614851-f03d-4e1c-b1de-13a78b217993/node_modules/jest-environment-jsdom-fourteen/node_modules/jsdom/lib/jsdom/living/events/EventTarget-impl.js:87:17)
    at HTMLUnknownElement.dispatchEvent (/Users/victordeleon/Learning/b9614851-f03d-4e1c-b1de-13a78b217993/node_modules/jest-environment-jsdom-fourteen/node_modules/jsdom/lib/jsdom/living/generated/EventTarget.js:144:23)
    at Object.invokeGuardedCallbackDev (/Users/victordeleon/Learning/b9614851-f03d-4e1c-b1de-13a78b217993/node_modules/react-dom/cjs/react-dom.development.js:237:16)
    at invokeGuardedCallback (/Users/victordeleon/Learning/b9614851-f03d-4e1c-b1de-13a78b217993/node_modules/react-dom/cjs/react-dom.development.js:292:31)
    at invokeGuardedCallbackAndCatchFirstError (/Users/victordeleon/Learning/b9614851-f03d-4e1c-b1de-13a78b217993/node_modules/react-dom/cjs/react-dom.development.js:306:25)
    at executeDispatch (/Users/victordeleon/Learning/b9614851-f03d-4e1c-b1de-13a78b217993/node_modules/react-dom/cjs/react-dom.development.js:389:3)
    at executeDispatchesInOrder (/Users/victordeleon/Learning/b9614851-f03d-4e1c-b1de-13a78b217993/node_modules/react-dom/cjs/react-dom.development.js:414:5)
    at executeDispatchesAndRelease (/Users/victordeleon/Learning/b9614851-f03d-4e1c-b1de-13a78b217993/node_modules/react-dom/cjs/react-dom.development.js:3278:5)
    at executeDispatchesAndReleaseTopLevel (/Users/victordeleon/Learning/b9614851-f03d-4e1c-b1de-13a78b217993/node_modules/react-dom/cjs/react-dom.development.js:3287:10)
    at forEachAccumulated (/Users/victordeleon/Learning/b9614851-f03d-4e1c-b1de-13a78b217993/node_modules/react-dom/cjs/react-dom.development.js:3259:8)
    at runEventsInBatch (/Users/victordeleon/Learning/b9614851-f03d-4e1c-b1de-13a78b217993/node_modules/react-dom/cjs/react-dom.development.js:3304:3)
    at runExtractedPluginEventsInBatch (/Users/victordeleon/Learning/b9614851-f03d-4e1c-b1de-13a78b217993/node_modules/react-dom/cjs/react-dom.development.js:3514:3)
    at handleTopLevel (/Users/victordeleon/Learning/b9614851-f03d-4e1c-b1de-13a78b217993/node_modules/react-dom/cjs/react-dom.development.js:3558:5)
    at batchedEventUpdates$1 (/Users/victordeleon/Learning/b9614851-f03d-4e1c-b1de-13a78b217993/node_modules/react-dom/cjs/react-dom.development.js:21871:12)
    at batchedEventUpdates (/Users/victordeleon/Learning/b9614851-f03d-4e1c-b1de-13a78b217993/node_modules/react-dom/cjs/react-dom.development.js:795:12)
    at dispatchEventForLegacyPluginEventSystem (/Users/victordeleon/Learning/b9614851-f03d-4e1c-b1de-13a78b217993/node_modules/react-dom/cjs/react-dom.development.js:3568:5)
    at attemptToDispatchEvent (/Users/victordeleon/Learning/b9614851-f03d-4e1c-b1de-13a78b217993/node_modules/react-dom/cjs/react-dom.development.js:4267:5)
    at dispatchEvent (/Users/victordeleon/Learning/b9614851-f03d-4e1c-b1de-13a78b217993/node_modules/react-dom/cjs/react-dom.development.js:4189:19)
    at unstable_runWithPriority (/Users/victordeleon/Learning/b9614851-f03d-4e1c-b1de-13a78b217993/node_modules/scheduler/cjs/scheduler.development.js:653:12)
    at runWithPriority$1 (/Users/victordeleon/Learning/b9614851-f03d-4e1c-b1de-13a78b217993/node_modules/react-dom/cjs/react-dom.development.js:11039:10)
    at discreteUpdates$1 (/Users/victordeleon/Learning/b9614851-f03d-4e1c-b1de-13a78b217993/node_modules/react-dom/cjs/react-dom.development.js:21887:12)
    at discreteUpdates (/Users/victordeleon/Learning/b9614851-f03d-4e1c-b1de-13a78b217993/node_modules/react-dom/cjs/react-dom.development.js:806:12)
    at dispatchDiscreteEvent (/Users/victordeleon/Learning/b9614851-f03d-4e1c-b1de-13a78b217993/node_modules/react-dom/cjs/react-dom.development.js:4168:3)
    at innerInvokeEventListeners (/Users/victordeleon/Learning/b9614851-f03d-4e1c-b1de-13a78b217993/node_modules/jest-environment-jsdom-fourteen/node_modules/jsdom/lib/jsdom/living/events/EventTarget-impl.js:315:27)
    at invokeEventListeners (/Users/victordeleon/Learning/b9614851-f03d-4e1c-b1de-13a78b217993/node_modules/jest-environment-jsdom-fourteen/node_modules/jsdom/lib/jsdom/living/events/EventTarget-impl.js:266:3)
    at HTMLButtonElementImpl._dispatch (/Users/victordeleon/Learning/b9614851-f03d-4e1c-b1de-13a78b217993/node_modules/jest-environment-jsdom-fourteen/node_modules/jsdom/lib/jsdom/living/events/EventTarget-impl.js:212:11)
    at HTMLButtonElementImpl.dispatchEvent (/Users/victordeleon/Learning/b9614851-f03d-4e1c-b1de-13a78b217993/node_modules/jest-environment-jsdom-fourteen/node_modules/jsdom/lib/jsdom/living/events/EventTarget-impl.js:87:17)
    at HTMLButtonElement.dispatchEvent (/Users/victordeleon/Learning/b9614851-f03d-4e1c-b1de-13a78b217993/node_modules/jest-environment-jsdom-fourteen/node_modules/jsdom/lib/jsdom/living/generated/EventTarget.js:144:23)
    at /Users/victordeleon/Learning/b9614851-f03d-4e1c-b1de-13a78b217993/node_modules/@testing-library/dom/dist/events.js:25:20
    at /Users/victordeleon/Learning/b9614851-f03d-4e1c-b1de-13a78b217993/node_modules/@testing-library/react/dist/pure.js:65:16
    at batchedUpdates$1 (/Users/victordeleon/Learning/b9614851-f03d-4e1c-b1de-13a78b217993/node_modules/react-dom/cjs/react-dom.development.js:21856:12)
    at act (/Users/victordeleon/Learning/b9614851-f03d-4e1c-b1de-13a78b217993/node_modules/react-dom/cjs/react-dom-test-utils.development.js:929:14)
    at Object.eventWrapper (/Users/victordeleon/Learning/b9614851-f03d-4e1c-b1de-13a78b217993/node_modules/@testing-library/react/dist/pure.js:64:28)
    at fireEvent (/Users/victordeleon/Learning/b9614851-f03d-4e1c-b1de-13a78b217993/node_modules/@testing-library/dom/dist/events.js:16:35)
    at Function.fireEvent.&lt;computed&gt; [as click] (/Users/victordeleon/Learning/b9614851-f03d-4e1c-b1de-13a78b217993/node_modules/@testing-library/dom/dist/events.js:124:36)
    at Function.click (/Users/victordeleon/Learning/b9614851-f03d-4e1c-b1de-13a78b217993/node_modules/@testing-library/react/dist/fire-event.js:18:52)
    at Object.&lt;anonymous&gt; (/Users/victordeleon/Learning/b9614851-f03d-4e1c-b1de-13a78b217993/src/App.test.js:32:13)
    at Object.asyncJestTest (/Users/victordeleon/Learning/b9614851-f03d-4e1c-b1de-13a78b217993/node_modules/jest-jasmine2/build/jasmineAsyncInstall.js:102:37)
    at /Users/victordeleon/Learning/b9614851-f03d-4e1c-b1de-13a78b217993/node_modules/jest-jasmine2/build/queueRunner.js:43:12
    at new Promise (&lt;anonymous&gt;)
    at mapper (/Users/victordeleon/Learning/b9614851-f03d-4e1c-b1de-13a78b217993/node_modules/jest-jasmine2/build/queueRunner.js:26:19)
    at /Users/victordeleon/Learning/b9614851-f03d-4e1c-b1de-13a78b217993/node_modules/jest-jasmine2/build/queueRunner.js:73:41</failure>
    </testcase>
    <testcase classname=" search is made on by clicking on search button and result found - test 1" name=" search is made on by clicking on search button and result found - test 1" time="0.01">
      <failure>Error: fetch-mock: No fallback response defined for GET to /api/movies?Year=2015
    at Object.&lt;anonymous&gt;.FetchMock.executeRouter (/Users/victordeleon/Learning/b9614851-f03d-4e1c-b1de-13a78b217993/node_modules/fetch-mock/cjs/lib/fetch-handler.js:152:9)
    at Object.fetch [as fetchHandler] (/Users/victordeleon/Learning/b9614851-f03d-4e1c-b1de-13a78b217993/node_modules/fetch-mock/cjs/lib/fetch-handler.js:84:21)
    at MovieList.handleSearch (/Users/victordeleon/Learning/b9614851-f03d-4e1c-b1de-13a78b217993/src/components/movie-list/index.js:20:5)
    at HTMLUnknownElement.callCallback (/Users/victordeleon/Learning/b9614851-f03d-4e1c-b1de-13a78b217993/node_modules/react-dom/cjs/react-dom.development.js:188:14)
    at innerInvokeEventListeners (/Users/victordeleon/Learning/b9614851-f03d-4e1c-b1de-13a78b217993/node_modules/jest-environment-jsdom-fourteen/node_modules/jsdom/lib/jsdom/living/events/EventTarget-impl.js:315:27)
    at invokeEventListeners (/Users/victordeleon/Learning/b9614851-f03d-4e1c-b1de-13a78b217993/node_modules/jest-environment-jsdom-fourteen/node_modules/jsdom/lib/jsdom/living/events/EventTarget-impl.js:266:3)
    at HTMLUnknownElementImpl._dispatch (/Users/victordeleon/Learning/b9614851-f03d-4e1c-b1de-13a78b217993/node_modules/jest-environment-jsdom-fourteen/node_modules/jsdom/lib/jsdom/living/events/EventTarget-impl.js:212:11)
    at HTMLUnknownElementImpl.dispatchEvent (/Users/victordeleon/Learning/b9614851-f03d-4e1c-b1de-13a78b217993/node_modules/jest-environment-jsdom-fourteen/node_modules/jsdom/lib/jsdom/living/events/EventTarget-impl.js:87:17)
    at HTMLUnknownElement.dispatchEvent (/Users/victordeleon/Learning/b9614851-f03d-4e1c-b1de-13a78b217993/node_modules/jest-environment-jsdom-fourteen/node_modules/jsdom/lib/jsdom/living/generated/EventTarget.js:144:23)
    at Object.invokeGuardedCallbackDev (/Users/victordeleon/Learning/b9614851-f03d-4e1c-b1de-13a78b217993/node_modules/react-dom/cjs/react-dom.development.js:237:16)
    at invokeGuardedCallback (/Users/victordeleon/Learning/b9614851-f03d-4e1c-b1de-13a78b217993/node_modules/react-dom/cjs/react-dom.development.js:292:31)
    at invokeGuardedCallbackAndCatchFirstError (/Users/victordeleon/Learning/b9614851-f03d-4e1c-b1de-13a78b217993/node_modules/react-dom/cjs/react-dom.development.js:306:25)
    at executeDispatch (/Users/victordeleon/Learning/b9614851-f03d-4e1c-b1de-13a78b217993/node_modules/react-dom/cjs/react-dom.development.js:389:3)
    at executeDispatchesInOrder (/Users/victordeleon/Learning/b9614851-f03d-4e1c-b1de-13a78b217993/node_modules/react-dom/cjs/react-dom.development.js:414:5)
    at executeDispatchesAndRelease (/Users/victordeleon/Learning/b9614851-f03d-4e1c-b1de-13a78b217993/node_modules/react-dom/cjs/react-dom.development.js:3278:5)
    at executeDispatchesAndReleaseTopLevel (/Users/victordeleon/Learning/b9614851-f03d-4e1c-b1de-13a78b217993/node_modules/react-dom/cjs/react-dom.development.js:3287:10)
    at forEachAccumulated (/Users/victordeleon/Learning/b9614851-f03d-4e1c-b1de-13a78b217993/node_modules/react-dom/cjs/react-dom.development.js:3259:8)
    at runEventsInBatch (/Users/victordeleon/Learning/b9614851-f03d-4e1c-b1de-13a78b217993/node_modules/react-dom/cjs/react-dom.development.js:3304:3)
    at runExtractedPluginEventsInBatch (/Users/victordeleon/Learning/b9614851-f03d-4e1c-b1de-13a78b217993/node_modules/react-dom/cjs/react-dom.development.js:3514:3)
    at handleTopLevel (/Users/victordeleon/Learning/b9614851-f03d-4e1c-b1de-13a78b217993/node_modules/react-dom/cjs/react-dom.development.js:3558:5)
    at batchedEventUpdates$1 (/Users/victordeleon/Learning/b9614851-f03d-4e1c-b1de-13a78b217993/node_modules/react-dom/cjs/react-dom.development.js:21871:12)
    at batchedEventUpdates (/Users/victordeleon/Learning/b9614851-f03d-4e1c-b1de-13a78b217993/node_modules/react-dom/cjs/react-dom.development.js:795:12)
    at dispatchEventForLegacyPluginEventSystem (/Users/victordeleon/Learning/b9614851-f03d-4e1c-b1de-13a78b217993/node_modules/react-dom/cjs/react-dom.development.js:3568:5)
    at attemptToDispatchEvent (/Users/victordeleon/Learning/b9614851-f03d-4e1c-b1de-13a78b217993/node_modules/react-dom/cjs/react-dom.development.js:4267:5)
    at dispatchEvent (/Users/victordeleon/Learning/b9614851-f03d-4e1c-b1de-13a78b217993/node_modules/react-dom/cjs/react-dom.development.js:4189:19)
    at unstable_runWithPriority (/Users/victordeleon/Learning/b9614851-f03d-4e1c-b1de-13a78b217993/node_modules/scheduler/cjs/scheduler.development.js:653:12)
    at runWithPriority$1 (/Users/victordeleon/Learning/b9614851-f03d-4e1c-b1de-13a78b217993/node_modules/react-dom/cjs/react-dom.development.js:11039:10)
    at discreteUpdates$1 (/Users/victordeleon/Learning/b9614851-f03d-4e1c-b1de-13a78b217993/node_modules/react-dom/cjs/react-dom.development.js:21887:12)
    at discreteUpdates (/Users/victordeleon/Learning/b9614851-f03d-4e1c-b1de-13a78b217993/node_modules/react-dom/cjs/react-dom.development.js:806:12)
    at dispatchDiscreteEvent (/Users/victordeleon/Learning/b9614851-f03d-4e1c-b1de-13a78b217993/node_modules/react-dom/cjs/react-dom.development.js:4168:3)
    at innerInvokeEventListeners (/Users/victordeleon/Learning/b9614851-f03d-4e1c-b1de-13a78b217993/node_modules/jest-environment-jsdom-fourteen/node_modules/jsdom/lib/jsdom/living/events/EventTarget-impl.js:315:27)
    at invokeEventListeners (/Users/victordeleon/Learning/b9614851-f03d-4e1c-b1de-13a78b217993/node_modules/jest-environment-jsdom-fourteen/node_modules/jsdom/lib/jsdom/living/events/EventTarget-impl.js:266:3)
    at HTMLButtonElementImpl._dispatch (/Users/victordeleon/Learning/b9614851-f03d-4e1c-b1de-13a78b217993/node_modules/jest-environment-jsdom-fourteen/node_modules/jsdom/lib/jsdom/living/events/EventTarget-impl.js:212:11)
    at HTMLButtonElementImpl.dispatchEvent (/Users/victordeleon/Learning/b9614851-f03d-4e1c-b1de-13a78b217993/node_modules/jest-environment-jsdom-fourteen/node_modules/jsdom/lib/jsdom/living/events/EventTarget-impl.js:87:17)
    at HTMLButtonElement.dispatchEvent (/Users/victordeleon/Learning/b9614851-f03d-4e1c-b1de-13a78b217993/node_modules/jest-environment-jsdom-fourteen/node_modules/jsdom/lib/jsdom/living/generated/EventTarget.js:144:23)
    at /Users/victordeleon/Learning/b9614851-f03d-4e1c-b1de-13a78b217993/node_modules/@testing-library/dom/dist/events.js:25:20
    at /Users/victordeleon/Learning/b9614851-f03d-4e1c-b1de-13a78b217993/node_modules/@testing-library/react/dist/pure.js:65:16
    at batchedUpdates$1 (/Users/victordeleon/Learning/b9614851-f03d-4e1c-b1de-13a78b217993/node_modules/react-dom/cjs/react-dom.development.js:21856:12)
    at act (/Users/victordeleon/Learning/b9614851-f03d-4e1c-b1de-13a78b217993/node_modules/react-dom/cjs/react-dom-test-utils.development.js:929:14)
    at Object.eventWrapper (/Users/victordeleon/Learning/b9614851-f03d-4e1c-b1de-13a78b217993/node_modules/@testing-library/react/dist/pure.js:64:28)
    at fireEvent (/Users/victordeleon/Learning/b9614851-f03d-4e1c-b1de-13a78b217993/node_modules/@testing-library/dom/dist/events.js:16:35)
    at Function.fireEvent.&lt;computed&gt; [as click] (/Users/victordeleon/Learning/b9614851-f03d-4e1c-b1de-13a78b217993/node_modules/@testing-library/dom/dist/events.js:124:36)
    at Function.click (/Users/victordeleon/Learning/b9614851-f03d-4e1c-b1de-13a78b217993/node_modules/@testing-library/react/dist/fire-event.js:18:52)
    at Object.&lt;anonymous&gt; (/Users/victordeleon/Learning/b9614851-f03d-4e1c-b1de-13a78b217993/src/App.test.js:52:13)
    at Object.asyncJestTest (/Users/victordeleon/Learning/b9614851-f03d-4e1c-b1de-13a78b217993/node_modules/jest-jasmine2/build/jasmineAsyncInstall.js:102:37)
    at /Users/victordeleon/Learning/b9614851-f03d-4e1c-b1de-13a78b217993/node_modules/jest-jasmine2/build/queueRunner.js:43:12
    at new Promise (&lt;anonymous&gt;)
    at mapper (/Users/victordeleon/Learning/b9614851-f03d-4e1c-b1de-13a78b217993/node_modules/jest-jasmine2/build/queueRunner.js:26:19)
    at /Users/victordeleon/Learning/b9614851-f03d-4e1c-b1de-13a78b217993/node_modules/jest-jasmine2/build/queueRunner.js:73:41</failure>
    </testcase>
    <testcase classname=" search is made on by clicking on search button and result found - test 2" name=" search is made on by clicking on search button and result found - test 2" time="0.009">
      <failure>Error: fetch-mock: No fallback response defined for GET to /api/movies?Year=2010
    at Object.&lt;anonymous&gt;.FetchMock.executeRouter (/Users/victordeleon/Learning/b9614851-f03d-4e1c-b1de-13a78b217993/node_modules/fetch-mock/cjs/lib/fetch-handler.js:152:9)
    at Object.fetch [as fetchHandler] (/Users/victordeleon/Learning/b9614851-f03d-4e1c-b1de-13a78b217993/node_modules/fetch-mock/cjs/lib/fetch-handler.js:84:21)
    at MovieList.handleSearch (/Users/victordeleon/Learning/b9614851-f03d-4e1c-b1de-13a78b217993/src/components/movie-list/index.js:20:5)
    at HTMLUnknownElement.callCallback (/Users/victordeleon/Learning/b9614851-f03d-4e1c-b1de-13a78b217993/node_modules/react-dom/cjs/react-dom.development.js:188:14)
    at innerInvokeEventListeners (/Users/victordeleon/Learning/b9614851-f03d-4e1c-b1de-13a78b217993/node_modules/jest-environment-jsdom-fourteen/node_modules/jsdom/lib/jsdom/living/events/EventTarget-impl.js:315:27)
    at invokeEventListeners (/Users/victordeleon/Learning/b9614851-f03d-4e1c-b1de-13a78b217993/node_modules/jest-environment-jsdom-fourteen/node_modules/jsdom/lib/jsdom/living/events/EventTarget-impl.js:266:3)
    at HTMLUnknownElementImpl._dispatch (/Users/victordeleon/Learning/b9614851-f03d-4e1c-b1de-13a78b217993/node_modules/jest-environment-jsdom-fourteen/node_modules/jsdom/lib/jsdom/living/events/EventTarget-impl.js:212:11)
    at HTMLUnknownElementImpl.dispatchEvent (/Users/victordeleon/Learning/b9614851-f03d-4e1c-b1de-13a78b217993/node_modules/jest-environment-jsdom-fourteen/node_modules/jsdom/lib/jsdom/living/events/EventTarget-impl.js:87:17)
    at HTMLUnknownElement.dispatchEvent (/Users/victordeleon/Learning/b9614851-f03d-4e1c-b1de-13a78b217993/node_modules/jest-environment-jsdom-fourteen/node_modules/jsdom/lib/jsdom/living/generated/EventTarget.js:144:23)
    at Object.invokeGuardedCallbackDev (/Users/victordeleon/Learning/b9614851-f03d-4e1c-b1de-13a78b217993/node_modules/react-dom/cjs/react-dom.development.js:237:16)
    at invokeGuardedCallback (/Users/victordeleon/Learning/b9614851-f03d-4e1c-b1de-13a78b217993/node_modules/react-dom/cjs/react-dom.development.js:292:31)
    at invokeGuardedCallbackAndCatchFirstError (/Users/victordeleon/Learning/b9614851-f03d-4e1c-b1de-13a78b217993/node_modules/react-dom/cjs/react-dom.development.js:306:25)
    at executeDispatch (/Users/victordeleon/Learning/b9614851-f03d-4e1c-b1de-13a78b217993/node_modules/react-dom/cjs/react-dom.development.js:389:3)
    at executeDispatchesInOrder (/Users/victordeleon/Learning/b9614851-f03d-4e1c-b1de-13a78b217993/node_modules/react-dom/cjs/react-dom.development.js:414:5)
    at executeDispatchesAndRelease (/Users/victordeleon/Learning/b9614851-f03d-4e1c-b1de-13a78b217993/node_modules/react-dom/cjs/react-dom.development.js:3278:5)
    at executeDispatchesAndReleaseTopLevel (/Users/victordeleon/Learning/b9614851-f03d-4e1c-b1de-13a78b217993/node_modules/react-dom/cjs/react-dom.development.js:3287:10)
    at forEachAccumulated (/Users/victordeleon/Learning/b9614851-f03d-4e1c-b1de-13a78b217993/node_modules/react-dom/cjs/react-dom.development.js:3259:8)
    at runEventsInBatch (/Users/victordeleon/Learning/b9614851-f03d-4e1c-b1de-13a78b217993/node_modules/react-dom/cjs/react-dom.development.js:3304:3)
    at runExtractedPluginEventsInBatch (/Users/victordeleon/Learning/b9614851-f03d-4e1c-b1de-13a78b217993/node_modules/react-dom/cjs/react-dom.development.js:3514:3)
    at handleTopLevel (/Users/victordeleon/Learning/b9614851-f03d-4e1c-b1de-13a78b217993/node_modules/react-dom/cjs/react-dom.development.js:3558:5)
    at batchedEventUpdates$1 (/Users/victordeleon/Learning/b9614851-f03d-4e1c-b1de-13a78b217993/node_modules/react-dom/cjs/react-dom.development.js:21871:12)
    at batchedEventUpdates (/Users/victordeleon/Learning/b9614851-f03d-4e1c-b1de-13a78b217993/node_modules/react-dom/cjs/react-dom.development.js:795:12)
    at dispatchEventForLegacyPluginEventSystem (/Users/victordeleon/Learning/b9614851-f03d-4e1c-b1de-13a78b217993/node_modules/react-dom/cjs/react-dom.development.js:3568:5)
    at attemptToDispatchEvent (/Users/victordeleon/Learning/b9614851-f03d-4e1c-b1de-13a78b217993/node_modules/react-dom/cjs/react-dom.development.js:4267:5)
    at dispatchEvent (/Users/victordeleon/Learning/b9614851-f03d-4e1c-b1de-13a78b217993/node_modules/react-dom/cjs/react-dom.development.js:4189:19)
    at unstable_runWithPriority (/Users/victordeleon/Learning/b9614851-f03d-4e1c-b1de-13a78b217993/node_modules/scheduler/cjs/scheduler.development.js:653:12)
    at runWithPriority$1 (/Users/victordeleon/Learning/b9614851-f03d-4e1c-b1de-13a78b217993/node_modules/react-dom/cjs/react-dom.development.js:11039:10)
    at discreteUpdates$1 (/Users/victordeleon/Learning/b9614851-f03d-4e1c-b1de-13a78b217993/node_modules/react-dom/cjs/react-dom.development.js:21887:12)
    at discreteUpdates (/Users/victordeleon/Learning/b9614851-f03d-4e1c-b1de-13a78b217993/node_modules/react-dom/cjs/react-dom.development.js:806:12)
    at dispatchDiscreteEvent (/Users/victordeleon/Learning/b9614851-f03d-4e1c-b1de-13a78b217993/node_modules/react-dom/cjs/react-dom.development.js:4168:3)
    at innerInvokeEventListeners (/Users/victordeleon/Learning/b9614851-f03d-4e1c-b1de-13a78b217993/node_modules/jest-environment-jsdom-fourteen/node_modules/jsdom/lib/jsdom/living/events/EventTarget-impl.js:315:27)
    at invokeEventListeners (/Users/victordeleon/Learning/b9614851-f03d-4e1c-b1de-13a78b217993/node_modules/jest-environment-jsdom-fourteen/node_modules/jsdom/lib/jsdom/living/events/EventTarget-impl.js:266:3)
    at HTMLButtonElementImpl._dispatch (/Users/victordeleon/Learning/b9614851-f03d-4e1c-b1de-13a78b217993/node_modules/jest-environment-jsdom-fourteen/node_modules/jsdom/lib/jsdom/living/events/EventTarget-impl.js:212:11)
    at HTMLButtonElementImpl.dispatchEvent (/Users/victordeleon/Learning/b9614851-f03d-4e1c-b1de-13a78b217993/node_modules/jest-environment-jsdom-fourteen/node_modules/jsdom/lib/jsdom/living/events/EventTarget-impl.js:87:17)
    at HTMLButtonElement.dispatchEvent (/Users/victordeleon/Learning/b9614851-f03d-4e1c-b1de-13a78b217993/node_modules/jest-environment-jsdom-fourteen/node_modules/jsdom/lib/jsdom/living/generated/EventTarget.js:144:23)
    at /Users/victordeleon/Learning/b9614851-f03d-4e1c-b1de-13a78b217993/node_modules/@testing-library/dom/dist/events.js:25:20
    at /Users/victordeleon/Learning/b9614851-f03d-4e1c-b1de-13a78b217993/node_modules/@testing-library/react/dist/pure.js:65:16
    at batchedUpdates$1 (/Users/victordeleon/Learning/b9614851-f03d-4e1c-b1de-13a78b217993/node_modules/react-dom/cjs/react-dom.development.js:21856:12)
    at act (/Users/victordeleon/Learning/b9614851-f03d-4e1c-b1de-13a78b217993/node_modules/react-dom/cjs/react-dom-test-utils.development.js:929:14)
    at Object.eventWrapper (/Users/victordeleon/Learning/b9614851-f03d-4e1c-b1de-13a78b217993/node_modules/@testing-library/react/dist/pure.js:64:28)
    at fireEvent (/Users/victordeleon/Learning/b9614851-f03d-4e1c-b1de-13a78b217993/node_modules/@testing-library/dom/dist/events.js:16:35)
    at Function.fireEvent.&lt;computed&gt; [as click] (/Users/victordeleon/Learning/b9614851-f03d-4e1c-b1de-13a78b217993/node_modules/@testing-library/dom/dist/events.js:124:36)
    at Function.click (/Users/victordeleon/Learning/b9614851-f03d-4e1c-b1de-13a78b217993/node_modules/@testing-library/react/dist/fire-event.js:18:52)
    at Object.&lt;anonymous&gt; (/Users/victordeleon/Learning/b9614851-f03d-4e1c-b1de-13a78b217993/src/App.test.js:73:13)
    at Object.asyncJestTest (/Users/victordeleon/Learning/b9614851-f03d-4e1c-b1de-13a78b217993/node_modules/jest-jasmine2/build/jasmineAsyncInstall.js:102:37)
    at /Users/victordeleon/Learning/b9614851-f03d-4e1c-b1de-13a78b217993/node_modules/jest-jasmine2/build/queueRunner.js:43:12
    at new Promise (&lt;anonymous&gt;)
    at mapper (/Users/victordeleon/Learning/b9614851-f03d-4e1c-b1de-13a78b217993/node_modules/jest-jasmine2/build/queueRunner.js:26:19)
    at /Users/victordeleon/Learning/b9614851-f03d-4e1c-b1de-13a78b217993/node_modules/jest-jasmine2/build/queueRunner.js:73:41</failure>
    </testcase>
  </testsuite>
</testsuites>